     1                                  bits 32 ; assembling for the 32 bits architecture
     2                                  
     3                                  ; declare the EntryPoint (a label defining the very first instruction of the program)
     4                                  global start        
     5                                  
     6                                  ; declare external functions needed by our program
     7                                  extern exit               ; tell nasm that exit exists even if we won't be defining it
     8                                  import exit msvcrt.dll    ; exit is a function that ends the calling process. It is defined in msvcrt.dll
     9                                                            ; msvcrt.dll contains exit, printf and all the other important C-runtime specific functions
    10                                  
    11                                  ; our data is declared here (the variables needed by our program)
    12                                  segment data use32 class=data
    13 00000000 FBFF                        C dw -5
    14                                  
    15                                  ; our code starts here
    16                                  segment code use32 class=code
    17                                      start:
    18 00000000 B83412A1AA                      mov eax, 0AAA11234h
    19 00000005 C1E810                          shr eax, 16
    20                                      
    21                                          ; exit(0)
    22 00000008 6A00                            push    dword 0      ; push the parameter for exit onto the stack
    23 0000000A FF15[00000000]                  call    [exit]       ; call exit to terminate the program
